{
    "-profile test": {
        "content": [
            {
                "QUARTONOTEBOOK": {
                    "papermill": "2.6.0",
                    "quarto": "1.7.31"
                },
                "Workflow": {
                    "nf-core/provenancereport": "v1.0.0dev"
                }
            },
            [
                "README.md:md5,675e5d6c3dbc9598e26c801377bae67e",
                "main.nf:md5,353a9c493c4b58d3a790da185f839f96",
                "md5sum",
                "md5sum/provenancereport.md5",
                "multiqc",
                "multiqc/multiqc_data",
                "multiqc/multiqc_data/llms-full.txt",
                "multiqc/multiqc_data/multiqc.log",
                "multiqc/multiqc_data/multiqc.parquet",
                "multiqc/multiqc_data/multiqc_citations.txt",
                "multiqc/multiqc_data/multiqc_data.json",
                "multiqc/multiqc_data/multiqc_file_checksums_table.txt",
                "multiqc/multiqc_data/multiqc_input_samplesheet.txt",
                "multiqc/multiqc_data/multiqc_pipeline_outputs.txt",
                "multiqc/multiqc_data/multiqc_runtime_environment.txt",
                "multiqc/multiqc_data/multiqc_software_versions.txt",
                "multiqc/multiqc_data/multiqc_sources.txt",
                "multiqc/multiqc_report.html",
                "nextflow.config:md5,51799b5ab6b9e7f70b51eddae111a8ae",
                "nextflow_schema.json:md5,e7342e15cef1e11bfb50150cf9953a1d",
                "pipeline_info",
                "pipeline_info/nf_core_provenancereport_software_mqc_versions.yml",
                "quartonotebook",
                "quartonotebook/artifacts",
                "quartonotebook/artifacts/provenance_report_input_files.tsv",
                "quartonotebook/artifacts/provenance_report_summary.txt",
                "quartonotebook/provenance_report.html",
                "quartonotebook/provenance_report.qmd",
                "samplesheet.csv"
            ],
            [
                "README.md:md5,675e5d6c3dbc9598e26c801377bae67e",
                "main.nf:md5,353a9c493c4b58d3a790da185f839f96",
                "nextflow_schema.json:md5,e7342e15cef1e11bfb50150cf9953a1d",
                "provenance_report_input_files.tsv:md5,1458dc07273f8a570beae2b5f4358a49",
                "provenance_report_summary.txt:md5,b32c187edd9b5ec9c088a0d2a41ff01d",
                "provenance_report.qmd:md5,4fd8ffa820d1e7620135853517275d66",
                "samplesheet.csv:md5,760077fbeb3954e468d83244325f4ade"
            ]
        ],
        "timestamp": "2026-08-26T17:44:35.932400484",
        "meta": {
            "nf-test": "0.9.5",
            "nextflow": "26.04.0"
        }
    },
    "-profile test with --document": {
        "content": [
            {
                "QUARTONOTEBOOK": {
                    "papermill": "2.6.0",
                    "quarto": "1.7.31"
                },
                "Workflow": {
                    "nf-core/provenancereport": "v1.0.0dev"
                }
            },
            [
                "README.md:md5,675e5d6c3dbc9598e26c801377bae67e",
                "main.nf:md5,353a9c493c4b58d3a790da185f839f96",
                "md5sum",
                "md5sum/provenancereport.md5",
                "multiqc",
                "multiqc/multiqc_data",
                "multiqc/multiqc_data/llms-full.txt",
                "multiqc/multiqc_data/multiqc.log",
                "multiqc/multiqc_data/multiqc.parquet",
                "multiqc/multiqc_data/multiqc_citations.txt",
                "multiqc/multiqc_data/multiqc_data.json",
                "multiqc/multiqc_data/multiqc_file_checksums_table.txt",
                "multiqc/multiqc_data/multiqc_input_samplesheet.txt",
                "multiqc/multiqc_data/multiqc_pipeline_outputs.txt",
                "multiqc/multiqc_data/multiqc_runtime_environment.txt",
                "multiqc/multiqc_data/multiqc_software_versions.txt",
                "multiqc/multiqc_data/multiqc_sources.txt",
                "multiqc/multiqc_report.html",
                "nextflow.config:md5,51799b5ab6b9e7f70b51eddae111a8ae",
                "nextflow_schema.json:md5,e7342e15cef1e11bfb50150cf9953a1d",
                "pipeline_info",
                "pipeline_info/nf_core_provenancereport_software_mqc_versions.yml",
                "quartonotebook",
                "quartonotebook/artifacts",
                "quartonotebook/artifacts/provenance_report_input_files.tsv",
                "quartonotebook/artifacts/provenance_report_summary.txt",
                "quartonotebook/provenance_report.html",
                "quartonotebook/provenance_report.qmd",
                "review_signoff.md",
                "samplesheet.csv"
            ],
            [
                "README.md:md5,675e5d6c3dbc9598e26c801377bae67e",
                "main.nf:md5,353a9c493c4b58d3a790da185f839f96",
                "nextflow_schema.json:md5,e7342e15cef1e11bfb50150cf9953a1d",
                "provenance_report_input_files.tsv:md5,1458dc07273f8a570beae2b5f4358a49",
                "provenance_report_summary.txt:md5,b32c187edd9b5ec9c088a0d2a41ff01d",
                "provenance_report.qmd:md5,4fd8ffa820d1e7620135853517275d66",
                "review_signoff.md:md5,0662c5a0325d10cdcd542d83dc2d300b",
                "samplesheet.csv:md5,760077fbeb3954e468d83244325f4ade"
            ]
        ],
        "timestamp": "2026-08-26T17:45:12.02478816",
        "meta": {
            "nf-test": "0.9.5",
            "nextflow": "26.04.0"
        }
    }
}