{
    "-profile test with custom notebook": {
        "content": [
            {
                "QUARTONOTEBOOK": {
                    "papermill": "2.6.0",
                    "quarto": "1.7.31"
                },
                "Workflow": {
                    "nf-core/provenancereport": "v1.0.0dev"
                }
            },
            [
                "README.md:md5,675e5d6c3dbc9598e26c801377bae67e",
                "main.nf:md5,353a9c493c4b58d3a790da185f839f96",
                "md5sum",
                "md5sum/provenancereport.md5",
                "multiqc",
                "multiqc/multiqc_data",
                "multiqc/multiqc_data/llms-full.txt",
                "multiqc/multiqc_data/multiqc.log",
                "multiqc/multiqc_data/multiqc.parquet",
                "multiqc/multiqc_data/multiqc_citations.txt",
                "multiqc/multiqc_data/multiqc_data.json",
                "multiqc/multiqc_data/multiqc_file_checksums_table.txt",
                "multiqc/multiqc_data/multiqc_input_samplesheet.txt",
                "multiqc/multiqc_data/multiqc_pipeline_outputs.txt",
                "multiqc/multiqc_data/multiqc_runtime_environment.txt",
                "multiqc/multiqc_data/multiqc_software_versions.txt",
                "multiqc/multiqc_data/multiqc_sources.txt",
                "multiqc/multiqc_report.html",
                "nextflow.config:md5,51799b5ab6b9e7f70b51eddae111a8ae",
                "nextflow_schema.json:md5,e7342e15cef1e11bfb50150cf9953a1d",
                "pipeline_info",
                "pipeline_info/nf_core_provenancereport_software_mqc_versions.yml",
                "quartonotebook",
                "quartonotebook/artifacts",
                "quartonotebook/artifacts/artifact.txt",
                "quartonotebook/quarto_r.html",
                "quartonotebook/quarto_r.qmd",
                "samplesheet_quartonotebook.csv"
            ],
            [
                "README.md:md5,675e5d6c3dbc9598e26c801377bae67e",
                "main.nf:md5,353a9c493c4b58d3a790da185f839f96",
                "nextflow_schema.json:md5,e7342e15cef1e11bfb50150cf9953a1d",
                "artifact.txt:md5,b10a8db164e0754105b7a99be72e3fe5",
                "quarto_r.qmd:md5,a6a7392a32a4a2f5637fd8245b936031",
                "samplesheet_quartonotebook.csv:md5,33cd9804d52f8ff96e2244df29e5cd2a"
            ]
        ],
        "timestamp": "2026-08-26T17:45:50.252013369",
        "meta": {
            "nf-test": "0.9.5",
            "nextflow": "26.04.0"
        }
    }
}