{
    "-profile test with external RDS input": {
        "content": [
            {
                "QUARTONOTEBOOK": {
                    "papermill": "2.7.0",
                    "quarto": "1.9.38"
                },
                "Workflow": {
                    "nf-core/provenancereport": "v1.0.0dev"
                }
            },
            [
                "README.md:md5,675e5d6c3dbc9598e26c801377bae67e",
                "external_rds_report.qmd",
                "main.nf:md5,353a9c493c4b58d3a790da185f839f96",
                "md5sum",
                "md5sum/provenancereport.md5",
                "multiqc",
                "multiqc/multiqc_data",
                "multiqc/multiqc_data/llms-full.txt",
                "multiqc/multiqc_data/multiqc.log",
                "multiqc/multiqc_data/multiqc.parquet",
                "multiqc/multiqc_data/multiqc_citations.txt",
                "multiqc/multiqc_data/multiqc_data.json",
                "multiqc/multiqc_data/multiqc_file_checksums_table.txt",
                "multiqc/multiqc_data/multiqc_input_samplesheet.txt",
                "multiqc/multiqc_data/multiqc_pipeline_outputs.txt",
                "multiqc/multiqc_data/multiqc_runtime_environment.txt",
                "multiqc/multiqc_data/multiqc_software_versions.txt",
                "multiqc/multiqc_data/multiqc_sources.txt",
                "multiqc/multiqc_report.html",
                "nextflow.config:md5,51799b5ab6b9e7f70b51eddae111a8ae",
                "nextflow_schema.json:md5,e7342e15cef1e11bfb50150cf9953a1d",
                "pipeline_info",
                "pipeline_info/nf_core_provenancereport_software_mqc_versions.yml",
                "quartonotebook",
                "quartonotebook/artifacts",
                "quartonotebook/artifacts/external_rds_summary.tsv",
                "quartonotebook/external_rds_report.html",
                "quartonotebook/external_rds_report.qmd",
                "samplesheet_rds.csv"
            ],
            [
                "README.md:md5,675e5d6c3dbc9598e26c801377bae67e",
                "external_rds_report.qmd:md5,33c6e034d026f8d8d619711bec521665",
                "main.nf:md5,353a9c493c4b58d3a790da185f839f96",
                "nextflow_schema.json:md5,e7342e15cef1e11bfb50150cf9953a1d",
                "external_rds_summary.tsv:md5,26d3aee09ee5b92e17f0dce912a750aa",
                "external_rds_report.qmd:md5,33c6e034d026f8d8d619711bec521665",
                "samplesheet_rds.csv:md5,0fe3beaa1e0944acf1674c7e0e91004f"
            ]
        ],
        "timestamp": "2026-08-26T17:47:43.30536955",
        "meta": {
            "nf-test": "0.9.5",
            "nextflow": "26.04.0"
        }
    }
}