{
    "collect report runtime environment": {
        "content": [
            {
                "multiqc_r_session": [
                    "r_session_info_mqc.yaml"
                ],
                "multiqc_table": [
                    "runtime_environment_mqc.tsv"
                ]
            }
        ],
        "timestamp": "2026-08-26T19:51:31.376957352",
        "meta": {
            "nf-test": "0.9.5",
            "nextflow": "26.04.0"
        }
    }
}