{
    "test notebook - stub - [qmd:r]": {
        "content": [
            {
                "0": [
                    [
                        {
                            "id": "test"
                        },
                        "test.html:md5,d41d8cd98f00b204e9800998ecf8427e"
                    ]
                ],
                "1": [
                    [
                        {
                            "id": "test"
                        },
                        "quarto_r.qmd:md5,a6a7392a32a4a2f5637fd8245b936031"
                    ]
                ],
                "2": [
                    [
                        {
                            "id": "test"
                        },
                        "params.yml:md5,d41d8cd98f00b204e9800998ecf8427e"
                    ]
                ],
                "3": [
                    
                ],
                "4": [
                    
                ],
                "5": [
                    [
                        "QUARTONOTEBOOK",
                        "docker",
                        "community.wave.seqera.io/library/jupyter_matplotlib_papermill_quarto_r-rmarkdown:6d15193ce3dfc665"
                    ]
                ],
                "6": [
                    [
                        "QUARTONOTEBOOK",
                        "quarto",
                        "1.7.31"
                    ]
                ],
                "7": [
                    [
                        "QUARTONOTEBOOK",
                        "papermill",
                        "2.6.0"
                    ]
                ],
                "artifacts": [
                    
                ],
                "extensions": [
                    
                ],
                "html": [
                    [
                        {
                            "id": "test"
                        },
                        "test.html:md5,d41d8cd98f00b204e9800998ecf8427e"
                    ]
                ],
                "notebook": [
                    [
                        {
                            "id": "test"
                        },
                        "quarto_r.qmd:md5,a6a7392a32a4a2f5637fd8245b936031"
                    ]
                ],
                "params_yaml": [
                    [
                        {
                            "id": "test"
                        },
                        "params.yml:md5,d41d8cd98f00b204e9800998ecf8427e"
                    ]
                ],
                "runtime_environment": [
                    [
                        "QUARTONOTEBOOK",
                        "docker",
                        "community.wave.seqera.io/library/jupyter_matplotlib_papermill_quarto_r-rmarkdown:6d15193ce3dfc665"
                    ]
                ],
                "versions_papermill": [
                    [
                        "QUARTONOTEBOOK",
                        "papermill",
                        "2.6.0"
                    ]
                ],
                "versions_quarto": [
                    [
                        "QUARTONOTEBOOK",
                        "quarto",
                        "1.7.31"
                    ]
                ]
            }
        ],
        "timestamp": "2026-08-26T20:54:10.127349397",
        "meta": {
            "nf-test": "0.9.5",
            "nextflow": "26.04.0"
        }
    },
    "test notebook - [qmd:r]": {
        "content": [
            {
                "versions_papermill": [
                    [
                        "QUARTONOTEBOOK",
                        "papermill",
                        "2.6.0"
                    ]
                ],
                "versions_quarto": [
                    [
                        "QUARTONOTEBOOK",
                        "quarto",
                        "1.7.31"
                    ]
                ]
            },
            [
                [
                    "QUARTONOTEBOOK",
                    "docker",
                    "community.wave.seqera.io/library/jupyter_matplotlib_papermill_quarto_r-rmarkdown:6d15193ce3dfc665"
                ]
            ],
            [
                [
                    {
                        "id": "test"
                    },
                    "artifact.txt:md5,b10a8db164e0754105b7a99be72e3fe5"
                ]
            ],
            [
                [
                    {
                        "id": "test"
                    },
                    "params.yml:md5,8b9e438c0eb4850e20035a1222cd151e"
                ]
            ]
        ],
        "timestamp": "2026-08-26T20:52:16.406458758",
        "meta": {
            "nf-test": "0.9.5",
            "nextflow": "26.04.0"
        }
    },
    "test notebook - parametrized - [qmd:python]": {
        "content": [
            {
                "versions_papermill": [
                    [
                        "QUARTONOTEBOOK",
                        "papermill",
                        "2.6.0"
                    ]
                ],
                "versions_quarto": [
                    [
                        "QUARTONOTEBOOK",
                        "quarto",
                        "1.7.31"
                    ]
                ]
            },
            [
                [
                    "QUARTONOTEBOOK",
                    "docker",
                    "community.wave.seqera.io/library/jupyter_matplotlib_papermill_quarto_r-rmarkdown:6d15193ce3dfc665"
                ]
            ],
            [
                [
                    {
                        "id": "test"
                    },
                    "artifact.txt:md5,8ddd8be4b179a529afa5f2ffae4b9858"
                ]
            ],
            [
                [
                    {
                        "id": "test"
                    },
                    "params.yml:md5,0dbcd58276179f0700e144e45d8d3c76"
                ]
            ]
        ],
        "timestamp": "2026-08-26T20:53:21.804268378",
        "meta": {
            "nf-test": "0.9.5",
            "nextflow": "26.04.0"
        }
    },
    "test notebook - parametrized - [rmd]": {
        "content": [
            {
                "versions_papermill": [
                    [
                        "QUARTONOTEBOOK",
                        "papermill",
                        "2.6.0"
                    ]
                ],
                "versions_quarto": [
                    [
                        "QUARTONOTEBOOK",
                        "quarto",
                        "1.7.31"
                    ]
                ]
            },
            [
                [
                    "QUARTONOTEBOOK",
                    "docker",
                    "community.wave.seqera.io/library/jupyter_matplotlib_papermill_quarto_r-rmarkdown:6d15193ce3dfc665"
                ]
            ],
            [
                [
                    {
                        "id": "test"
                    },
                    "artifact.txt:md5,b10a8db164e0754105b7a99be72e3fe5"
                ]
            ],
            [
                [
                    {
                        "id": "test"
                    },
                    "params.yml:md5,0dbcd58276179f0700e144e45d8d3c76"
                ]
            ]
        ],
        "timestamp": "2026-08-26T20:53:42.093083194",
        "meta": {
            "nf-test": "0.9.5",
            "nextflow": "26.04.0"
        }
    },
    "test notebook - parametrized - [ipynb]": {
        "content": [
            {
                "versions_papermill": [
                    [
                        "QUARTONOTEBOOK",
                        "papermill",
                        "2.6.0"
                    ]
                ],
                "versions_quarto": [
                    [
                        "QUARTONOTEBOOK",
                        "quarto",
                        "1.7.31"
                    ]
                ]
            },
            [
                [
                    "QUARTONOTEBOOK",
                    "docker",
                    "community.wave.seqera.io/library/jupyter_matplotlib_papermill_quarto_r-rmarkdown:6d15193ce3dfc665"
                ]
            ],
            [
                
            ],
            [
                [
                    {
                        "id": "test"
                    },
                    "params.yml:md5,0dbcd58276179f0700e144e45d8d3c76"
                ]
            ]
        ],
        "timestamp": "2026-08-26T20:54:01.084552727",
        "meta": {
            "nf-test": "0.9.5",
            "nextflow": "26.04.0"
        }
    },
    "test notebook - [qmd:python]": {
        "content": [
            {
                "versions_papermill": [
                    [
                        "QUARTONOTEBOOK",
                        "papermill",
                        "2.6.0"
                    ]
                ],
                "versions_quarto": [
                    [
                        "QUARTONOTEBOOK",
                        "quarto",
                        "1.7.31"
                    ]
                ]
            },
            [
                [
                    "QUARTONOTEBOOK",
                    "docker",
                    "community.wave.seqera.io/library/jupyter_matplotlib_papermill_quarto_r-rmarkdown:6d15193ce3dfc665"
                ]
            ],
            [
                [
                    {
                        "id": "test"
                    },
                    "artifact.txt:md5,8ddd8be4b179a529afa5f2ffae4b9858"
                ]
            ],
            [
                [
                    {
                        "id": "test"
                    },
                    "params.yml:md5,8b9e438c0eb4850e20035a1222cd151e"
                ]
            ]
        ],
        "timestamp": "2026-08-26T20:52:38.682737352",
        "meta": {
            "nf-test": "0.9.5",
            "nextflow": "26.04.0"
        }
    },
    "test notebook - parametrized - [qmd:r]": {
        "content": [
            {
                "versions_papermill": [
                    [
                        "QUARTONOTEBOOK",
                        "papermill",
                        "2.6.0"
                    ]
                ],
                "versions_quarto": [
                    [
                        "QUARTONOTEBOOK",
                        "quarto",
                        "1.7.31"
                    ]
                ]
            },
            [
                [
                    "QUARTONOTEBOOK",
                    "docker",
                    "community.wave.seqera.io/library/jupyter_matplotlib_papermill_quarto_r-rmarkdown:6d15193ce3dfc665"
                ]
            ],
            [
                [
                    {
                        "id": "test"
                    },
                    "artifact.txt:md5,b10a8db164e0754105b7a99be72e3fe5"
                ]
            ],
            [
                [
                    {
                        "id": "test"
                    },
                    "params.yml:md5,0dbcd58276179f0700e144e45d8d3c76"
                ]
            ]
        ],
        "timestamp": "2026-08-26T20:52:59.491320377",
        "meta": {
            "nf-test": "0.9.5",
            "nextflow": "26.04.0"
        }
    }
}
